[max-themes.net/demos/kingster/kingster/about-us.html]
[backblue.gif]
[fade.gif]
[index.html]
[max-themes.net/demos/kingster/kingster/plugins/goodlayers-core/plugins/combine/style.css]
[max-themes.net/demos/kingster/kingster/plugins/goodlayers-core/include/css/page-builder.css]
[max-themes.net/demos/kingster/kingster/plugins/revslider/public/assets/css/settings.css]
[max-themes.net/demos/kingster/kingster/css/style-core.css]
[max-themes.net/demos/kingster/kingster/css/kingster-style-custom.css]
[max-themes.net/demos/kingster/kingster/index.html]
[max-themes.net/demos/kingster/kingster/images/logo.png]
[max-themes.net/demos/kingster/kingster/homepage-2.html]
[max-themes.net/demos/kingster/kingster/blog-full-right-sidebar-with-frame.html]
[max-themes.net/demos/kingster/kingster/blog-full-left-sidebar-with-frame.html]
[max-themes.net/demos/kingster/kingster/blog-full-both-sidebar-with-frame.html]
[max-themes.net/demos/kingster/kingster/blog-full-right-sidebar.html]
[max-themes.net/demos/kingster/kingster/blog-full-left-sidebar.html]
[max-themes.net/demos/kingster/kingster/blog-full-both-sidebar.html]
[max-themes.net/demos/kingster/kingster/blog-grid-3-columns-no-space.html]
[max-themes.net/demos/kingster/kingster/blog-grid-2-columns.html]
[max-themes.net/demos/kingster/kingster/blog-grid-3-columns.html]
[max-themes.net/demos/kingster/kingster/blog-grid-4-columns.html]
[max-themes.net/demos/kingster/kingster/blog-grid-2-columns-no-space.html]
[max-themes.net/demos/kingster/kingster/blog-grid-4-columns-no-space.html]
[max-themes.net/demos/kingster/kingster/standard-post-type.html]
[max-themes.net/demos/kingster/kingster/contact.html]
[max-themes.net/demos/kingster/kingster/contact-2.html]
[max-themes.net/demos/kingster/kingster/contact-3.html]
[max-themes.net/demos/kingster/kingster/portfolio-3-columns.html]
[max-themes.net/demos/kingster/kingster/portfolio-2-columns.html]
[max-themes.net/demos/kingster/kingster/portfolio-4-columns.html]
[max-themes.net/demos/kingster/kingster/portfolio-5-columns.html]
[max-themes.net/demos/kingster/kingster/portfolio-2-columns-with-frame.html]
[max-themes.net/demos/kingster/kingster/portfolio-3-columns-with-frame.html]
[max-themes.net/demos/kingster/kingster/portfolio-4-columns-with-frame.html]
[max-themes.net/demos/kingster/kingster/portfolio-2-columns-no-space.html]
[max-themes.net/demos/kingster/kingster/portfolio-3-columns-no-space.html]
[max-themes.net/demos/kingster/kingster/portfolio-4-columns-no-space.html]
[max-themes.net/demos/kingster/kingster/portfolio-5-columns-no-space.html]
[max-themes.net/demos/kingster/kingster/portfolio-masonry-4-columns.html]
[max-themes.net/demos/kingster/kingster/portfolio-masonry-3-columns.html]
[max-themes.net/demos/kingster/kingster/portfolio-masonry-2-columns.html]
[max-themes.net/demos/kingster/kingster/portfolio-masonry-4-columns-no-space.html]
[max-themes.net/demos/kingster/kingster/portfolio-masonry-3-columns-no-space.html]
[max-themes.net/demos/kingster/kingster/portfolio-masonry-2-columns-no-space.html]
[max-themes.net/demos/kingster/kingster/singleportfolio.html]
[max-themes.net/demos/kingster/kingster/gallery.html]
[max-themes.net/demos/kingster/kingster/price-table.html]
[max-themes.net/demos/kingster/kingster/maintenance.html]
[max-themes.net/demos/kingster/kingster/coming-soon.html]
[max-themes.net/demos/kingster/kingster/404.html]
[max-themes.net/demos/kingster/kingster/bachelor-of-science-in-business-administration.html]
[max-themes.net/demos/kingster/kingster/school-of-law.html]
[max-themes.net/demos/kingster/kingster/engineering.html]
[max-themes.net/demos/kingster/kingster/medicine.html]
[max-themes.net/demos/kingster/kingster/art-science.html]
[max-themes.net/demos/kingster/kingster/hospitality-management.html]
[max-themes.net/demos/kingster/kingster/physics.html]
[max-themes.net/demos/kingster/kingster/finance.html]
[max-themes.net/demos/kingster/kingster/finance-faculty.html]
[max-themes.net/demos/kingster/kingster/john-hagensy-phd.html]
[max-themes.net/demos/kingster/kingster/introduction-to-financial-accounting.html]
[max-themes.net/demos/kingster/kingster/apply-to-kingster.html]
[max-themes.net/demos/kingster/kingster/campus-tour.html]
[max-themes.net/demos/kingster/kingster/scholarships.html]
[max-themes.net/demos/kingster/kingster/athletics.html]
[max-themes.net/demos/kingster/kingster/give-to-kingster.html]
[max-themes.net/demos/kingster/kingster/alumni.html]
[max-themes.net/demos/kingster/kingster/event-calendar.html]
[max-themes.net/demos/kingster/kingster/course-list-1.html]
[max-themes.net/demos/kingster/kingster/course-list-2.html]
[max-themes.net/demos/kingster/kingster/university-life.html]
[max-themes.net/demos/kingster/kingster/upload/mega-menu-logo.png]
[max-themes.net/demos/kingster/kingster/upload/col-icon-3.png]
[max-themes.net/demos/kingster/kingster/upload/col-icon-4.png]
[max-themes.net/demos/kingster/kingster/upload/col-icon-2.png]
[max-themes.net/demos/kingster/kingster/upload/about-icon-1.png]
[max-themes.net/demos/kingster/kingster/upload/about-icon-2.png]
[max-themes.net/demos/kingster/kingster/upload/about-icon-3.png]
[max-themes.net/demos/kingster/kingster/upload/banner-1.png]
[max-themes.net/demos/kingster/kingster/upload/banner-2.png]
[max-themes.net/demos/kingster/kingster/upload/banner-3.png]
[max-themes.net/demos/kingster/kingster/upload/banner-4-1.png]
[max-themes.net/demos/kingster/kingster/upload/banner-5.png]
[max-themes.net/demos/kingster/kingster/upload/footer-logo.png]
[max-themes.net/demos/kingster/kingster/js/jquery/jquery.js]
[max-themes.net/demos/kingster/kingster/js/jquery/jquery-migrate.min.js]
[max-themes.net/demos/kingster/kingster/plugins/goodlayers-core/plugins/combine/script.js]
[max-themes.net/demos/kingster/kingster/plugins/goodlayers-core/include/js/page-builder.js]
[max-themes.net/demos/kingster/kingster/js/jquery/ui/effect.min.js]
[max-themes.net/demos/kingster/kingster/about-us.html]
[max-themes.net/demos/kingster/kingster/js/plugins.min.js]
[max-themes.net/demos/kingster/kingster/plugins/goodlayers-core/plugins/combine/fontawesome/fontawesome-webfont3e6e3e6e.eot]
[max-themes.net/demos/kingster/kingster/plugins/goodlayers-core/plugins/combine/fontawesome/fontawesome-webfontd41dd41d.eot]
[max-themes.net/demos/kingster/kingster/plugins/goodlayers-core/plugins/combine/fontawesome/fontawesome-webfont3e6e3e6e.woff2]
[max-themes.net/demos/kingster/kingster/plugins/goodlayers-core/plugins/combine/fontawesome/fontawesome-webfont3e6e3e6e.woff]
[max-themes.net/demos/kingster/kingster/plugins/goodlayers-core/plugins/combine/fontawesome/fontawesome-webfont3e6e3e6e.ttf]
[max-themes.net/demos/kingster/kingster/plugins/goodlayers-core/plugins/combine/fontawesome/fontawesome-webfont3e6e3e6e.svg]
[max-themes.net/demos/kingster/kingster/plugins/goodlayers-core/plugins/combine/elegant/ElegantIcons.eot]
[max-themes.net/demos/kingster/kingster/plugins/goodlayers-core/plugins/combine/elegant/ElegantIconsd41dd41d.eot]
[max-themes.net/demos/kingster/kingster/plugins/goodlayers-core/plugins/combine/elegant/ElegantIcons.woff]
[max-themes.net/demos/kingster/kingster/plugins/goodlayers-core/plugins/combine/elegant/ElegantIcons.ttf]
[max-themes.net/demos/kingster/kingster/plugins/goodlayers-core/plugins/combine/elegant/ElegantIcons.svg]
[max-themes.net/demos/kingster/kingster/plugins/goodlayers-core/plugins/combine/skin-lightgallery/lgd641d641.eot]
[max-themes.net/demos/kingster/kingster/plugins/goodlayers-core/plugins/combine/skin-lightgallery/lgd41dd41d.eot]
[max-themes.net/demos/kingster/kingster/plugins/goodlayers-core/plugins/combine/skin-lightgallery/lgd641d641.woff]
[max-themes.net/demos/kingster/kingster/plugins/goodlayers-core/plugins/combine/skin-lightgallery/lgd641d641.ttf]
[max-themes.net/demos/kingster/kingster/plugins/goodlayers-core/plugins/combine/skin-lightgallery/lgd641d641.svg]
[max-themes.net/demos/kingster/kingster/plugins/goodlayers-core/plugins/combine/skin-lightgallery/vimeo-play.png]
[max-themes.net/demos/kingster/kingster/plugins/goodlayers-core/plugins/combine/skin-lightgallery/video-play.png]
[max-themes.net/demos/kingster/kingster/plugins/goodlayers-core/plugins/combine/skin-lightgallery/youtube-play.png]
[max-themes.net/demos/kingster/kingster/plugins/goodlayers-core/plugins/combine/skin-lightgallery/loading.gif]
[max-themes.net/demos/kingster/kingster/plugins/goodlayers-core/plugins/combine/style.css]
[max-themes.net/demos/kingster/kingster/plugins/goodlayers-core/include/images/blog-style/blog-item-gradient.png]
[max-themes.net/demos/kingster/kingster/plugins/goodlayers-core/include/images/blog-style/blog-item-gradient2.png]
[max-themes.net/demos/kingster/kingster/plugins/goodlayers-core/include/images/post-slider/gradient.png]
[max-themes.net/demos/kingster/kingster/plugins/goodlayers-core/include/images/gallery/gallery-shadow.png]
[max-themes.net/demos/kingster/kingster/plugins/goodlayers-core/include/images/portfolio/now-loading.gif]
[max-themes.net/demos/kingster/kingster/plugins/goodlayers-core/include/images/content-blocked.jpg]
[max-themes.net/demos/kingster/kingster/plugins/goodlayers-core/include/css/page-builder.css]
[max-themes.net/demos/kingster/kingster/plugins/revslider/public/assets/fonts/revicons/revicons.eot]
[max-themes.net/demos/kingster/kingster/plugins/revslider/public/assets/fonts/revicons/revicons.woff]
[max-themes.net/demos/kingster/kingster/plugins/revslider/public/assets/fonts/revicons/revicons.ttf]
[max-themes.net/demos/kingster/kingster/plugins/revslider/public/assets/fonts/revicons/revicons.svg]
[max-themes.net/demos/kingster/kingster/plugins/revslider/public/assets/css/openhand.txt]
[max-themes.net/demos/kingster/kingster/plugins/revslider/public/assets/css/closedhand.txt]
[max-themes.net/demos/kingster/kingster/plugins/revslider/public/assets/assets/gridtile.png]
[max-themes.net/demos/kingster/kingster/plugins/revslider/public/assets/assets/gridtile_white.png]
[max-themes.net/demos/kingster/kingster/plugins/revslider/public/assets/assets/gridtile_3x3.png]
[max-themes.net/demos/kingster/kingster/plugins/revslider/public/assets/assets/gridtile_3x3_white.png]
[max-themes.net/demos/kingster/kingster/plugins/revslider/public/assets/assets/coloredbg.png]
[max-themes.net/demos/kingster/kingster/plugins/revslider/public/assets/assets/loader.gif]
[max-themes.net/demos/kingster/kingster/plugins/revslider/public/assets/css/settings.css]
[max-themes.net/demos/kingster/kingster/images/preload.gif]
[max-themes.net/demos/kingster/kingster/images/page-title-background.jpg]
[max-themes.net/demos/kingster/kingster/images/blog-title-top-gradient.png]
[max-themes.net/demos/kingster/kingster/images/blog-title-gradient.png]
[max-themes.net/demos/kingster/kingster/images/404-background.jpg]
[max-themes.net/demos/kingster/kingster/upload/mega-menu-bg.jpg]
[max-themes.net/demos/kingster/kingster/css/style-core.css]
[max-themes.net/demos/kingster/kingster/upload/page-title.jpg]
[max-themes.net/demo.goodlayers.com/kingster/wp-content/plugins/goodlayers-core/include/images/pattern/pattern-1.png]
[max-themes.net/demos/kingster/kingster/upload/about-bg-1.jpg]
[max-themes.net/demos/kingster/kingster/upload/about-bg-2.jpg]
[max-themes.net/demos/kingster/kingster/upload/about-bg-3.jpg]
[max-themes.net/demos/kingster/kingster/upload/link-bg.jpg]
[max-themes.net/demos/kingster/kingster/upload/video-bg.jpg]
[max-themes.net/demos/kingster/kingster/upload/tab-1-1.jpg]
[max-themes.net/demos/kingster/kingster/upload/tab-2.jpg]
[max-themes.net/demos/kingster/kingster/upload/tab-3.jpg]
[max-themes.net/demos/kingster/kingster/upload/tab-4.jpg]
[max-themes.net/demos/kingster/kingster/upload/tab-bg.png]
[max-themes.net/demos/kingster/kingster/upload/col-bg-1.jpg]
[max-themes.net/demos/kingster/kingster/upload/col-bg-3.jpg]
[max-themes.net/demos/kingster/kingster/upload/newsletter-bg.jpg]
[max-themes.net/demos/kingster/kingster/upload/search-bg.jpg]
[max-themes.net/demos/kingster/kingster/upload/about-title-bg.jpg]
[max-themes.net/demos/kingster/kingster/upload/coming-soon.jpg]
[max-themes.net/demos/kingster/kingster/upload/nathan-dumlao-572047-unsplash.jpg]
[max-themes.net/demos/kingster/kingster/upload/shutterstock_400221589.jpg]
[max-themes.net/demos/kingster/kingster/upload/shutterstock_547272460.jpg]
[max-themes.net/demos/kingster/kingster/css/kingster-style-custom.css]
[max-themes.net/demos/kingster/kingster/upload/slider-1-2.jpg]
[max-themes.net/demos/kingster/kingster/upload/slider-2.jpg]
[max-themes.net/demos/kingster/kingster/upload/icon-1.png]
[max-themes.net/demos/kingster/kingster/upload/icon-2.png]
[max-themes.net/demos/kingster/kingster/upload/icon-3.png]
[max-themes.net/demos/kingster/kingster/upload/icon-4.png]
[max-themes.net/demos/kingster/kingster/upload/logo-white.png]
[max-themes.net/demos/kingster/kingster/upload/col-icon-1.png]
[max-themes.net/demos/kingster/kingster/upload/shutterstock_135948689-400x245.jpg]
[max-themes.net/demos/kingster/kingster/upload/shutterstock_218235004-150x150.jpg]
[max-themes.net/demos/kingster/kingster/upload/shutterstock_481869205-150x150.jpg]
[max-themes.net/demos/kingster/kingster/upload/shutterstock_361397258-150x150.jpg]
[max-themes.net/demos/kingster/kingster/upload/apply-logo.png]
[max-themes.net/demos/kingster/kingster/upload/icon-play.png]
[max-themes.net/demos/kingster/kingster/upload/hp-donation-400x212.jpg]
[max-themes.net/demos/kingster/kingster/upload/icon-envelope.png]
[max-themes.net/demos/kingster/kingster/plugins/revslider/public/assets/js/jquery.themepunch.tools.min.js]
[max-themes.net/demos/kingster/kingster/plugins/revslider/public/assets/js/jquery.themepunch.revolution.min.js]
[max-themes.net/demos/kingster/kingster/plugins/revslider/public/assets/js/extensions/revolution.extension.slideanims.min.js]
[max-themes.net/demos/kingster/kingster/plugins/revslider/public/assets/js/extensions/revolution.extension.layeranimation.min.js]
[max-themes.net/demos/kingster/kingster/plugins/revslider/public/assets/js/extensions/revolution.extension.kenburn.min.js]
[max-themes.net/demos/kingster/kingster/plugins/revslider/public/assets/js/extensions/revolution.extension.navigation.min.js]
[max-themes.net/demos/kingster/kingster/plugins/revslider/public/assets/js/extensions/revolution.extension.parallax.min.js]
[max-themes.net/demos/kingster/kingster/plugins/revslider/public/assets/js/extensions/revolution.extension.actions.min.js]
[max-themes.net/demos/kingster/kingster/index.html]
[max-themes.net/demos/kingster/kingster/plugins/revslider/public/assets/js/extensions/revolution.extension.video.min.js]
[max-themes.net/demos/kingster/kingster/upload/slider-hp2-1.jpg]
[max-themes.net/demos/kingster/kingster/upload/slider-hp2-2.jpg]
[max-themes.net/demos/kingster/kingster/upload/slider-hp2-3.jpg]
[max-themes.net/demos/kingster/kingster/upload/slider-hp2-4.jpg]
[max-themes.net/demos/kingster/kingster/upload/hp2-col-1.jpg]
[max-themes.net/demos/kingster/kingster/upload/hp2-col-1-icon.png]
[max-themes.net/demos/kingster/kingster/upload/hp2-col-2.jpg]
[max-themes.net/demos/kingster/kingster/upload/hp2-col-2-icon.png]
[max-themes.net/demos/kingster/kingster/upload/hp2-col-3.jpg]
[max-themes.net/demos/kingster/kingster/upload/hp2-col-3-icon.png]
[max-themes.net/demos/kingster/kingster/upload/hp2-col-4.jpg]
[max-themes.net/demos/kingster/kingster/upload/hp2-col-4-icon.png]
[max-themes.net/demos/kingster/kingster/upload/about-building-1-800x132.jpg]
[max-themes.net/demos/kingster/kingster/upload/hp2-video-bg-1.jpg]
[max-themes.net/demos/kingster/kingster/upload/shutterstock_734589535.jpg]
[max-themes.net/demos/kingster/kingster/upload/hp-2-half.jpg]
[max-themes.net/demos/kingster/kingster/upload/fancycrave-270977-unsplash-600x333.jpg]
[max-themes.net/demos/kingster/kingster/upload/ellehem-693-unsplash-600x333.jpg]
[max-themes.net/demos/kingster/kingster/upload/tyler-callahan-662157-unsplash-600x333.jpg]
[max-themes.net/demos/kingster/kingster/upload/shutterstock_135948689-600x333.jpg]
[max-themes.net/demos/kingster/kingster/upload/shutterstock_218235004-600x333.jpg]
[max-themes.net/demos/kingster/kingster/upload/shutterstock_481869205-600x333.jpg]
[max-themes.net/demos/kingster/kingster/upload/hp2-search-bg.jpg]
[max-themes.net/demos/kingster/kingster/homepage-2.html]
[max-themes.net/demos/kingster/kingster/upload/shutterstock_106223549-600x333.jpg]
[max-themes.net/demos/kingster/kingster/upload/shutterstock_361397258-600x333.jpg]
[max-themes.net/demos/kingster/kingster/upload/shutterstock_213333985-600x333.jpg]
[max-themes.net/demos/kingster/kingster/page/2/index.html]
[max-themes.net/demos/kingster/kingster/page/3/index.html]
[max-themes.net/demos/kingster/kingster/upload/shutterstock_135948689-150x150.jpg]
[max-themes.net/demos/kingster/kingster/upload/shutterstock_53600224-150x150.jpg]
[max-themes.net/demos/kingster/kingster/upload/rawpixel-577480-unsplash-1-150x150.jpg]
[max-themes.net/demos/kingster/kingster/upload/pexels-photo-150x150.jpg]
[max-themes.net/demos/kingster/kingster/upload/training-train-lime-barbell-39688-150x150.jpg]
[max-themes.net/demos/kingster/kingster/upload/joshua-fuller-368384-unsplash-150x150.jpg]
[max-themes.net/demos/kingster/kingster/upload/austin-neill-247047-unsplash-150x150.jpg]
[max-themes.net/demos/kingster/kingster/blog-full-right-sidebar-with-frame.html]
[max-themes.net/demos/kingster/kingster/blog-full-left-sidebar-with-frame.html]
[max-themes.net/demos/kingster/kingster/upload/shutterstock_106223549-800x574.jpg]
[max-themes.net/demos/kingster/kingster/upload/shutterstock_135948689-800x560.jpg]
[max-themes.net/demos/kingster/kingster/upload/shutterstock_218235004-800x533.jpg]
[max-themes.net/demos/kingster/kingster/upload/shutterstock_481869205-800x405.jpg]
[max-themes.net/demos/kingster/kingster/upload/shutterstock_361397258-800x533.jpg]
[max-themes.net/demos/kingster/kingster/upload/shutterstock_213333985-800x533.jpg]
[max-themes.net/demos/kingster/kingster/blog-full-both-sidebar-with-frame.html]
[max-themes.net/demos/kingster/kingster/upload/shutterstock_106223549-800x356.jpg]
[max-themes.net/demos/kingster/kingster/upload/shutterstock_135948689-800x356.jpg]
[max-themes.net/demos/kingster/kingster/upload/shutterstock_218235004-800x356.jpg]
[max-themes.net/demos/kingster/kingster/upload/shutterstock_481869205-800x356.jpg]
[max-themes.net/demos/kingster/kingster/upload/shutterstock_361397258-800x356.jpg]
[max-themes.net/demos/kingster/kingster/upload/shutterstock_213333985-800x356.jpg]
[max-themes.net/demos/kingster/kingster/blog-full-right-sidebar.html]
[max-themes.net/demos/kingster/kingster/blog-full-left-sidebar.html]
[max-themes.net/demos/kingster/kingster/blog-full-both-sidebar.html]
[max-themes.net/demos/kingster/kingster/upload/shutterstock_135948689-800x362.jpg]
[max-themes.net/demos/kingster/kingster/upload/shutterstock_218235004-800x362.jpg]
[max-themes.net/demos/kingster/kingster/upload/shutterstock_481869205-800x362.jpg]
[max-themes.net/demos/kingster/kingster/upload/shutterstock_361397258-800x362.jpg]
[max-themes.net/demos/kingster/kingster/upload/shutterstock_213333985-800x362.jpg]
[max-themes.net/demos/kingster/kingster/upload/shutterstock_787201486-800x362.jpg]
[max-themes.net/demos/kingster/kingster/blog-grid-3-columns-no-space.html]
[max-themes.net/demos/kingster/kingster/upload/shutterstock_135948689-400x377.jpg]
[max-themes.net/demos/kingster/kingster/upload/shutterstock_218235004-400x377.jpg]
[max-themes.net/demos/kingster/kingster/upload/shutterstock_481869205-400x377.jpg]
[max-themes.net/demos/kingster/kingster/upload/shutterstock_361397258-400x377.jpg]
[max-themes.net/demos/kingster/kingster/upload/shutterstock_213333985-400x377.jpg]
[max-themes.net/demos/kingster/kingster/upload/shutterstock_787201486-400x377.jpg]
[max-themes.net/demos/kingster/kingster/blog-grid-2-columns.html]
[max-themes.net/demos/kingster/kingster/blog-grid-3-columns.html]
[max-themes.net/demos/kingster/kingster/blog-grid-4-columns.html]
[max-themes.net/demos/kingster/kingster/blog-grid-2-columns-no-space.html]
[max-themes.net/demos/kingster/kingster/blog-grid-4-columns-no-space.html]
[max-themes.net/demos/kingster/kingster/upload/shutterstock_299633474.jpg]
[max-themes.net/demos/kingster/kingster/upload/life-title-bg.jpg]
[max-themes.net/demos/kingster/kingster/upload/avatar.jpeg]
[max-themes.net/demos/kingster/kingster/index41b741b7.html]
[max-themes.net/demos/kingster/kingster/index94a594a5.html]
[max-themes.net/demos/kingster/kingster/standard-post-type.html]
[max-themes.net/demos/kingster/kingster/upload/image-bg-1.jpg]
[max-themes.net/demos/kingster/kingster/js/isotope.js]
[max-themes.net/demos/kingster/kingster/plugins/quform/js/plugins.js]
[max-themes.net/demos/kingster/kingster/plugins/quform/js/scripts.js]
[max-themes.net/demos/kingster/kingster/contact.html]
[max-themes.net/demos/kingster/kingster/contact-2.html]
[max-themes.net/cdn.goodlayers.com/kingster/wp-content/uploads/2018/08/page-title.jpg]
[max-themes.net/demos/kingster/kingster/upload/image-bg-4.jpg]
[max-themes.net/demos/kingster/kingster/contact-3.html]
[max-themes.net/demos/kingster/kingster/upload/shutterstock_53600224.jpg]
[max-themes.net/demos/kingster/kingster/upload/shutterstock_53600224-400x533.jpg]
[max-themes.net/demos/kingster/kingster/upload/rawpixel-577480-unsplash-1.jpg]
[max-themes.net/demos/kingster/kingster/upload/rawpixel-577480-unsplash-1-400x533.jpg]
[max-themes.net/demos/kingster/kingster/upload/pexels-photo.jpg]
[max-themes.net/demos/kingster/kingster/upload/pexels-photo-400x533.jpg]
[max-themes.net/demos/kingster/kingster/upload/training-train-lime-barbell-39688.jpg]
[max-themes.net/demos/kingster/kingster/upload/training-train-lime-barbell-39688-400x533.jpg]
[max-themes.net/demos/kingster/kingster/upload/joshua-fuller-368384-unsplash.jpg]
[max-themes.net/demos/kingster/kingster/upload/joshua-fuller-368384-unsplash-400x533.jpg]
[max-themes.net/demos/kingster/kingster/upload/austin-neill-247047-unsplash.jpg]
[max-themes.net/demos/kingster/kingster/upload/austin-neill-247047-unsplash-400x533.jpg]
[max-themes.net/demos/kingster/kingster/upload/shutterstock_218235004.jpg]
[max-themes.net/demos/kingster/kingster/upload/shutterstock_218235004-400x533.jpg]
[max-themes.net/demos/kingster/kingster/upload/shutterstock_361397258.jpg]
[max-themes.net/demos/kingster/kingster/upload/shutterstock_361397258-400x533.jpg]
[max-themes.net/demos/kingster/kingster/upload/shutterstock_735267403.jpg]
[max-themes.net/demos/kingster/kingster/upload/shutterstock_735267403-400x533.jpg]
[max-themes.net/demos/kingster/kingster/portfolio-3-columns.html]
[max-themes.net/demos/kingster/kingster/portfolio-2-columns.html]
[max-themes.net/demos/kingster/kingster/portfolio-4-columns.html]
[max-themes.net/demos/kingster/kingster/upload/shutterstock_53600224-400x377.jpg]
[max-themes.net/demos/kingster/kingster/upload/rawpixel-577480-unsplash-1-400x377.jpg]
[max-themes.net/demos/kingster/kingster/upload/pexels-photo-400x377.jpg]
[max-themes.net/demos/kingster/kingster/upload/training-train-lime-barbell-39688-400x377.jpg]
[max-themes.net/demos/kingster/kingster/upload/joshua-fuller-368384-unsplash-400x377.jpg]
[max-themes.net/demos/kingster/kingster/upload/austin-neill-247047-unsplash-400x377.jpg]
[max-themes.net/demos/kingster/kingster/upload/shutterstock_735267403-400x377.jpg]
[max-themes.net/demos/kingster/kingster/portfolio-5-columns.html]
[max-themes.net/demos/kingster/kingster/upload/shutterstock_53600224-400x257.jpg]
[max-themes.net/demos/kingster/kingster/upload/rawpixel-577480-unsplash-1-400x257.jpg]
[max-themes.net/demos/kingster/kingster/upload/pexels-photo-400x257.jpg]
[max-themes.net/demos/kingster/kingster/upload/training-train-lime-barbell-39688-400x257.jpg]
[max-themes.net/demos/kingster/kingster/upload/joshua-fuller-368384-unsplash-400x257.jpg]
[max-themes.net/demos/kingster/kingster/upload/austin-neill-247047-unsplash-400x257.jpg]
[max-themes.net/demos/kingster/kingster/upload/shutterstock_218235004-400x257.jpg]
[max-themes.net/demos/kingster/kingster/upload/shutterstock_361397258-400x257.jpg]
[max-themes.net/demos/kingster/kingster/portfolio-2-columns-with-frame.html]
[max-themes.net/demos/kingster/kingster/portfolio-3-columns-with-frame.html]
[max-themes.net/demos/kingster/kingster/portfolio-4-columns-with-frame.html]
[max-themes.net/demos/kingster/kingster/portfolio-2-columns-no-space.html]
[max-themes.net/demos/kingster/kingster/portfolio-3-columns-no-space.html]
[max-themes.net/demos/kingster/kingster/portfolio-4-columns-no-space.html]
[max-themes.net/demos/kingster/kingster/portfolio-5-columns-no-space.html]
[max-themes.net/demos/kingster/kingster/upload/shutterstock_53600224-400x534.jpg]
[max-themes.net/demos/kingster/kingster/upload/rawpixel-577480-unsplash-1-400x534.jpg]
[max-themes.net/demos/kingster/kingster/upload/pexels-photo-400x534.jpg]
[max-themes.net/demos/kingster/kingster/upload/training-train-lime-barbell-39688-400x534.jpg]
[max-themes.net/demos/kingster/kingster/upload/joshua-fuller-368384-unsplash-400x534.jpg]
[max-themes.net/demos/kingster/kingster/upload/austin-neill-247047-unsplash-400x534.jpg]
[max-themes.net/demos/kingster/kingster/upload/shutterstock_218235004-400x534.jpg]
[max-themes.net/demos/kingster/kingster/upload/shutterstock_361397258-400x534.jpg]
[max-themes.net/demos/kingster/kingster/portfolio-masonry-4-columns.html]
[max-themes.net/demos/kingster/kingster/portfolio-masonry-3-columns.html]
[max-themes.net/demos/kingster/kingster/portfolio-masonry-2-columns.html]
[max-themes.net/demos/kingster/kingster/portfolio-masonry-4-columns-no-space.html]
[max-themes.net/demos/kingster/kingster/portfolio-masonry-3-columns-no-space.html]
[max-themes.net/demos/kingster/kingster/portfolio-masonry-2-columns-no-space.html]
[max-themes.net/demos/kingster/kingster/upload/shutterstock_294489926.jpg]
[max-themes.net/demos/kingster/kingster/upload/shutterstock_294489926-800x533.jpg]
[max-themes.net/demos/kingster/kingster/upload/shutterstock_519924262.jpg]
[max-themes.net/demos/kingster/kingster/upload/shutterstock_519924262-800x533.jpg]
[max-themes.net/demos/kingster/kingster/singleportfolio.html]
[max-themes.net/demos/kingster/kingster/upload/shutterstock_270733466.jpg]
[max-themes.net/demos/kingster/kingster/upload/shutterstock_270733466-400x377.jpg]
[max-themes.net/demos/kingster/kingster/upload/shutterstock_516640027.jpg]
[max-themes.net/demos/kingster/kingster/upload/shutterstock_516640027-400x377.jpg]
[max-themes.net/demos/kingster/kingster/upload/shutterstock_734589535-400x377.jpg]
[max-themes.net/demos/kingster/kingster/upload/shutterstock_704277943.jpg]
[max-themes.net/demos/kingster/kingster/upload/shutterstock_704277943-400x377.jpg]
[max-themes.net/demos/kingster/kingster/upload/shutterstock_123383902.jpg]
[max-themes.net/demos/kingster/kingster/upload/shutterstock_123383902-400x377.jpg]
[max-themes.net/demos/kingster/kingster/upload/shutterstock_111027356.jpg]
[max-themes.net/demos/kingster/kingster/upload/shutterstock_111027356-400x377.jpg]
[max-themes.net/demos/kingster/kingster/upload/shutterstock_787201486.jpg]
[max-themes.net/demos/kingster/kingster/upload/shutterstock_331524281.jpg]
[max-themes.net/demos/kingster/kingster/upload/shutterstock_331524281-400x377.jpg]
[max-themes.net/demos/kingster/kingster/upload/shutterstock_160526219.jpg]
[max-themes.net/demos/kingster/kingster/upload/shutterstock_160526219-800x533.jpg]
[max-themes.net/demos/kingster/kingster/upload/shutterstock_106223549.jpg]
[max-themes.net/demos/kingster/kingster/upload/shutterstock_481869205.jpg]
[max-themes.net/demos/kingster/kingster/upload/shutterstock_734589535-800x534.jpg]
[max-themes.net/demos/kingster/kingster/upload/shutterstock_381527992.jpg]
[max-themes.net/demos/kingster/kingster/upload/shutterstock_381527992-800x533.jpg]
[max-themes.net/demos/kingster/kingster/upload/shutterstock_450689383.jpg]
[max-themes.net/demos/kingster/kingster/upload/shutterstock_450689383-800x533.jpg]
[max-themes.net/demos/kingster/kingster/upload/shutterstock_284650220.jpg]
[max-themes.net/demos/kingster/kingster/upload/shutterstock_284650220-800x533.jpg]
[max-themes.net/demos/kingster/kingster/upload/shutterstock_450689383-300x150.jpg]
[max-themes.net/demos/kingster/kingster/upload/shutterstock_218235004-300x200.jpg]
[max-themes.net/demos/kingster/kingster/upload/shutterstock_381527992-300x200.jpg]
[max-themes.net/demos/kingster/kingster/upload/shutterstock_284650220-300x200.jpg]
[max-themes.net/demos/kingster/kingster/upload/shutterstock_450689383-800x400.jpg]
[max-themes.net/demos/kingster/kingster/upload/shutterstock_685407757.jpg]
[max-themes.net/demos/kingster/kingster/upload/shutterstock_685407757-800x534.jpg]
[max-themes.net/demos/kingster/kingster/gallery.html]
[max-themes.net/demos/kingster/kingster/upload/image-bg-3.jpg]
[max-themes.net/demos/kingster/kingster/price-table.html]
[max-themes.net/demos/kingster/kingster/maintenance.html]
[max-themes.net/demos/kingster/kingster/coming-soon.html]
[max-themes.net/demos/kingster/kingster/404.html]
[max-themes.net/demos/kingster/kingster/upload/shutterstock_59887279.jpg]
[max-themes.net/demos/kingster/kingster/upload/shutterstock_209187682.jpg]
[max-themes.net/demos/kingster/kingster/accounting/index.html]
[max-themes.net/demos/kingster/kingster/upload/major-bg-2.jpg]
[max-themes.net/demos/kingster/kingster/finance/index.html]
[max-themes.net/demos/kingster/kingster/upload/support-image-3.jpg]
[max-themes.net/demos/kingster/kingster/upload/shutterstock_183400235-400x257.jpg]
[max-themes.net/demos/kingster/kingster/bachelor-of-science-in-business-administration.html]
[max-themes.net/demos/kingster/kingster/upload/shutterstock_206350801.jpg]
[max-themes.net/demos/kingster/kingster/upload/shutterstock_327174593.jpg]
[max-themes.net/demos/kingster/kingster/business-regulation/index.html]
[max-themes.net/demos/kingster/kingster/upload/shutterstock_339364214.jpg]
[max-themes.net/demos/kingster/kingster/international-taxation/index.html]
[max-themes.net/demos/kingster/kingster/school-of-law.html]
[max-themes.net/demos/kingster/kingster/upload/shutterstock_134777864.jpg]
[max-themes.net/demos/kingster/kingster/engineering.html]
[max-themes.net/demos/kingster/kingster/upload/shutterstock_212251981.jpg]
[max-themes.net/demos/kingster/kingster/medicine.html]
[max-themes.net/demos/kingster/kingster/upload/giammarco-boscaro-380907-unsplash.jpg]
[max-themes.net/demos/kingster/kingster/art-science.html]
[max-themes.net/demos/kingster/kingster/upload/shutterstock_310855142.jpg]
[max-themes.net/demos/kingster/kingster/hospitality-management.html]
[max-themes.net/demos/kingster/kingster/upload/shutterstock_608688050.jpg]
[max-themes.net/demos/kingster/kingster/physics.html]
[max-themes.net/demos/kingster/kingster/upload/shutterstock_447921760-800x292.jpg]
[max-themes.net/demos/kingster/kingster/finance-faculty/index.html]
[max-themes.net/demos/kingster/kingster/scholarships/index.html]
[max-themes.net/demos/kingster/kingster/finance.html]
[max-themes.net/demos/kingster/kingster/upload/personnel-1-500x500.jpg]
[max-themes.net/demos/kingster/kingster/upload/personnel-2-500x500.jpg]
[max-themes.net/demos/kingster/kingster/upload/personnel-3-500x500.jpg]
[max-themes.net/demos/kingster/kingster/upload/personnel-4-500x500.jpg]
[max-themes.net/demos/kingster/kingster/upload/personnel-5-500x500.jpg]
[max-themes.net/demos/kingster/kingster/upload/personnel-6-500x500.jpg]
[max-themes.net/demos/kingster/kingster/upload/personnel-7-500x500.jpg]
[max-themes.net/demos/kingster/kingster/upload/shutterstock_361957010-500x500.jpg]
[max-themes.net/demos/kingster/kingster/finance-faculty.html]
[max-themes.net/demos/kingster/kingster/upload/personnel-1.jpg]
[max-themes.net/demos/kingster/kingster/upload/personnel-1-400x257.jpg]
[max-themes.net/demos/kingster/kingster/john-hagensy-phd.html]
[max-themes.net/demos/kingster/kingster/upload/shutterstock_361397258-400x363.jpg]
[max-themes.net/demos/kingster/kingster/introduction-to-financial-accounting.html]
[max-themes.net/demos/kingster/kingster/upload/page-title-apply.jpg]
[max-themes.net/demos/kingster/kingster/apply-to-kingster.html]
[max-themes.net/demos/kingster/kingster/upload/campus-logo.png]
[max-themes.net/demos/kingster/kingster/upload/shutterstock_150681635-1.jpg]
[max-themes.net/demos/kingster/kingster/campus-tour.html]
[max-themes.net/demos/kingster/kingster/upload/scholarships-title-bg.jpg]
[max-themes.net/demos/kingster/kingster/upload/title-icon.png]
[max-themes.net/demos/kingster/kingster/upload/scholarship-student-600x387.jpg]
[max-themes.net/demos/kingster/kingster/scholarships.html]
[max-themes.net/demos/kingster/kingster/upload/page-title-athletics.jpg]
[max-themes.net/demos/kingster/kingster/upload/shutterstock_167044400.jpg]
[max-themes.net/demos/kingster/kingster/athletics.html]
[max-themes.net/demos/kingster/kingster/upload/page-title-support.jpg]
[max-themes.net/demos/kingster/kingster/upload/support-building-800x236.jpg]
[max-themes.net/demos/kingster/kingster/upload/support-image-4.jpg]
[max-themes.net/demos/kingster/kingster/upload/shutterstock_150587615.jpg]
[max-themes.net/demos/kingster/kingster/upload/support-image-6.jpg]
[max-themes.net/demos/kingster/kingster/upload/shutterstock_516640027-400x257.jpg]
[max-themes.net/demos/kingster/kingster/upload/shutterstock_704277943-800x533.jpg]
[max-themes.net/demos/kingster/kingster/give-to-kingster.html]
[max-themes.net/demos/kingster/kingster/upload/shutterstock_628998404.jpg]
[max-themes.net/demos/kingster/kingster/upload/alumni-about-bg.jpg]
[max-themes.net/demos/kingster/kingster/upload/dan-gold-105699-unsplash.jpg]
[max-themes.net/demos/kingster/kingster/upload/dan-gold-105699-unsplash-600x333.jpg]
[max-themes.net/demos/kingster/kingster/upload/shutterstock_167044400-600x333.jpg]
[max-themes.net/demos/kingster/kingster/upload/shutterstock_160526219-600x333.jpg]
[max-themes.net/demos/kingster/kingster/upload/shutterstock_166604900.jpg]
[max-themes.net/demos/kingster/kingster/alumni.html]
[max-themes.net/demos/kingster/kingster/upload/fancycrave-270977-unsplash-400x257.jpg]
[max-themes.net/demos/kingster/kingster/upload/ellehem-693-unsplash-400x257.jpg]
[max-themes.net/demos/kingster/kingster/upload/tyler-callahan-662157-unsplash-400x257.jpg]
[max-themes.net/demos/kingster/kingster/upload/page-title-athletics-400x257.jpg]
[max-themes.net/demos/kingster/kingster/upload/shutterstock_59887279-400x257.jpg]
[max-themes.net/demos/kingster/kingster/event-calendar.html]
[max-themes.net/demos/kingster/kingster/course-list-1.html]
[max-themes.net/demos/kingster/kingster/course-list-2.html]
[max-themes.net/demos/kingster/kingster/upload/icon-activity.png]
[max-themes.net/demos/kingster/kingster/upload/icon-trophy.png]
[max-themes.net/demos/kingster/kingster/upload/life-bus-400x202.jpg]
[max-themes.net/demos/kingster/kingster/upload/icon-transportation.png]
[max-themes.net/demos/kingster/kingster/upload/icon-parking.png]
[max-themes.net/demos/kingster/kingster/upload/life-bg.jpg]
[max-themes.net/demos/kingster/kingster/upload/marvin-ronsdorf-196913-unsplash.jpg]
[max-themes.net/demos/kingster/kingster/upload/marvin-ronsdorf-196913-unsplash-600x333.jpg]
[max-themes.net/demos/kingster/kingster/upload/joshua-fuller-368384-unsplash-600x333.jpg]
[max-themes.net/demos/kingster/kingster/upload/annie-spratt-294450-unsplash.jpg]
[max-themes.net/demos/kingster/kingster/upload/annie-spratt-294450-unsplash-600x333.jpg]
[max-themes.net/demos/kingster/kingster/upload/pawel-czerwinski-705954-unsplash.jpg]
[max-themes.net/demos/kingster/kingster/upload/pawel-czerwinski-705954-unsplash-600x333.jpg]
[max-themes.net/demos/kingster/kingster/upload/rawpixel-577480-unsplash.jpg]
[max-themes.net/demos/kingster/kingster/upload/rawpixel-577480-unsplash-600x333.jpg]
[max-themes.net/demos/kingster/kingster/upload/shutterstock_780740548.jpg]
[max-themes.net/demos/kingster/kingster/university-life.html]
[max-themes.net/demos/kingster/kingster/js/jquery/jquery.js]
[max-themes.net/demos/kingster/kingster/js/jquery/jquery-migrate.min.js]
[max-themes.net/demos/kingster/kingster/GET]
[max-themes.net/demos/kingster/kingster/Error pJS - No image.src]
[max-themes.net/demos/kingster/kingster/plugins/goodlayers-core/plugins/combine/script.js]
[max-themes.net/demos/kingster/kingster/plugins/goodlayers-core/include/js/page-builder.js]
[max-themes.net/demos/kingster/kingster/js/jquery/ui/effect.min.js]
[max-themes.net/demos/kingster/kingster/js/plugins.min.js]
[max-themes.net/demos/kingster/kingster/plugins/goodlayers-core/plugins/combine/fontawesome/fontawesome-webfont3e6e3e6e.svg]
[max-themes.net/demos/kingster/kingster/plugins/goodlayers-core/plugins/combine/elegant/ElegantIcons.svg]
[max-themes.net/demos/kingster/kingster/plugins/goodlayers-core/plugins/combine/skin-lightgallery/lgd641d641.svg]
[max-themes.net/demos/kingster/kingster/plugins/revslider/public/assets/fonts/revicons/revicons.svg]
[max-themes.net/demos/kingster/kingster/plugins/revslider/public/assets/css/openhand.html]
[max-themes.net/demos/kingster/kingster/plugins/revslider/public/assets/css/closedhand.html]
[max-themes.net/demo.goodlayers.com/kingster/wp-content/plugins/goodlayers-core/include/images/pattern/pattern-1.html]
[max-themes.net/demos/kingster/kingster/TweenLite.js]
[max-themes.net/demos/kingster/TweenLite.js]
[max-themes.net/demos/kingster/kingster/plugins/revslider/public/assets/js/jquery.themepunch.tools.min.js]
[max-themes.net/demos/kingster/kingster/Version/index.html]
[max-themes.net/demos/kingster/kingster/themepunch.revolution.min.js]
[max-themes.net/demos/kingster/kingster/jquery.themepunch.revolution.min.js]
[max-themes.net/demos/kingster/kingster/jquery.themepunch.revolution.js]
[max-themes.net/demos/kingster/kingster/images/transparent.png]
[max-themes.net/demos/kingster/kingster/assets/transparent.png]
[max-themes.net/demos/kingster/kingster/plugins/revslider/public/assets/js/jquery.themepunch.revolution.min.js]
[max-themes.net/demos/kingster/kingster/plugins/revslider/public/assets/js/extensions/revolution.extension.slideanims.min.js]
[max-themes.net/demos/kingster/kingster/plugins/revslider/public/assets/js/extensions/revolution.extension.layeranimation.min.js]
[max-themes.net/demos/kingster/kingster/plugins/revslider/public/assets/js/extensions/revolution.extension.kenburn.min.js]
[max-themes.net/demos/kingster/kingster/plugins/revslider/public/assets/js/extensions/revolution.extension.navigation.min.js]
[max-themes.net/demos/kingster/kingster/plugins/revslider/public/assets/js/extensions/revolution.extension.parallax.min.js]
[max-themes.net/demos/kingster/kingster/plugins/revslider/public/assets/js/extensions/revolution.extension.actions.min.js]
[max-themes.net/demos/kingster/kingster/plugins/revslider/public/assets/js/extensions/revolution.extension.video.min.js]
[max-themes.net/demos/kingster/kingster/page/2/index.html]
[max-themes.net/demos/kingster/kingster/page/3/index.html]
[max-themes.net/demos/kingster/kingster/upload/avatar.html]
[max-themes.net/demos/kingster/kingster/index41b741b7.html]
[max-themes.net/demos/kingster/kingster/index94a594a5.html]
[max-themes.net/demos/kingster/kingster/js/isotope.js]
[max-themes.net/demos/kingster/kingster/plugins/quform/js/plugins.js]
[player.vimeo.com/api/player.js]
[max-themes.net/demos/kingster/kingster/quform/images/success.png]
[max-themes.net/demos/kingster/kingster/quform/images/error.png]
[max-themes.net/demos/kingster/kingster/quform/images/default-loading.gif]
[max-themes.net/demos/kingster/kingster/quform/themes/light/images/close.png]
[max-themes.net/demos/kingster/kingster/quform/themes/light/images/input-active-bg-rep.png]
[max-themes.net/demos/kingster/kingster/quform/themes/dark/images/close.png]
[max-themes.net/demos/kingster/kingster/quform/themes/dark/images/input-active-bg-rep.png]
[max-themes.net/demos/kingster/kingster/quform/themes/dark/images/loading.gif]
[max-themes.net/demos/kingster/kingster/quform/themes/minimal/images/loading-dark.gif]
[max-themes.net/demos/kingster/kingster/plugins/quform/js/scripts.js]
[max-themes.net/cdn.goodlayers.com/kingster/wp-content/uploads/2018/08/page-title.html]
[max-themes.net/demos/kingster/kingster/accounting/index.html]
[max-themes.net/demos/kingster/kingster/finance/index.html]
[max-themes.net/demos/kingster/kingster/business-regulation/index.html]
[max-themes.net/demos/kingster/kingster/international-taxation/index.html]
[max-themes.net/demos/kingster/kingster/finance-faculty/index.html]
[max-themes.net/demos/kingster/kingster/scholarships/index.html]
[max-themes.net/demos/kingster/kingster/GET.html]
[max-themes.net/demos/kingster/kingster/Error pJS - No image.html]
[max-themes.net/demos/kingster/kingster/TweenLite.html]
[max-themes.net/demos/kingster/TweenLite.html]
[max-themes.net/demos/kingster/kingster/Version/index.html]
[max-themes.net/demos/kingster/kingster/themepunch.revolution.min.html]
[max-themes.net/demos/kingster/kingster/jquery.themepunch.revolution.min.html]
[max-themes.net/demos/kingster/kingster/jquery.themepunch.revolution.html]
[max-themes.net/demos/kingster/kingster/images/transparent.html]
[max-themes.net/demos/kingster/kingster/assets/transparent.html]
[max-themes.net/demos/kingster/kingster/quform/images/success.html]
[max-themes.net/demos/kingster/kingster/quform/images/error.html]
[max-themes.net/demos/kingster/kingster/quform/images/default-loading.html]
[max-themes.net/demos/kingster/kingster/quform/themes/light/images/close.html]
[max-themes.net/demos/kingster/kingster/quform/themes/light/images/input-active-bg-rep.html]
[max-themes.net/demos/kingster/kingster/quform/themes/dark/images/close.html]
[max-themes.net/demos/kingster/kingster/quform/themes/dark/images/input-active-bg-rep.html]
[max-themes.net/demos/kingster/kingster/quform/themes/dark/images/loading.html]
[max-themes.net/demos/kingster/kingster/quform/themes/minimal/images/loading-dark.html]
